-- Automatically generated by SQLQueryTestSuite
-- Number of queries: 47


-- !query 0
select current_date = current_date(), current_timestamp = current_timestamp()
-- !query 0 schema
struct<(current_date() = current_date()):boolean,(current_timestamp() = current_timestamp()):boolean>
-- !query 0 output
true	true


-- !query 1
select to_date(null), to_date('2016-12-31'), to_date('2016-12-31', 'yyyy-MM-dd')
-- !query 1 schema
struct<to_date(NULL):date,to_date('2016-12-31'):date,to_date('2016-12-31', 'yyyy-MM-dd'):date>
-- !query 1 output
NULL	2016-12-31	2016-12-31


-- !query 2
select to_timestamp(null), to_timestamp('2016-12-31 00:12:00'), to_timestamp('2016-12-31', 'yyyy-MM-dd')
-- !query 2 schema
struct<to_timestamp(NULL):timestamp,to_timestamp('2016-12-31 00:12:00'):timestamp,to_timestamp('2016-12-31', 'yyyy-MM-dd'):timestamp>
-- !query 2 output
NULL	2016-12-31 00:12:00	2016-12-31 00:00:00


-- !query 3
select dayofweek('2007-02-03'), dayofweek('2009-07-30'), dayofweek('2017-05-27'), dayofweek(null), dayofweek('1582-10-15 13:10:15')
-- !query 3 schema
struct<dayofweek(CAST(2007-02-03 AS DATE)):int,dayofweek(CAST(2009-07-30 AS DATE)):int,dayofweek(CAST(2017-05-27 AS DATE)):int,dayofweek(CAST(NULL AS DATE)):int,dayofweek(CAST(1582-10-15 13:10:15 AS DATE)):int>
-- !query 3 output
7	5	7	NULL	6


-- !query 4
create temporary view ttf1 as select * from values
  (1, 2),
  (2, 3)
  as ttf1(current_date, current_timestamp)
-- !query 4 schema
struct<>
-- !query 4 output



-- !query 5
select current_date, current_timestamp from ttf1
-- !query 5 schema
struct<current_date:int,current_timestamp:int>
-- !query 5 output
1	2
2	3


-- !query 6
create temporary view ttf2 as select * from values
  (1, 2),
  (2, 3)
  as ttf2(a, b)
-- !query 6 schema
struct<>
-- !query 6 output



-- !query 7
select current_date = current_date(), current_timestamp = current_timestamp(), a, b from ttf2
-- !query 7 schema
struct<(current_date() = current_date()):boolean,(current_timestamp() = current_timestamp()):boolean,a:int,b:int>
-- !query 7 output
true	true	1	2
true	true	2	3


-- !query 8
select a, b from ttf2 order by a, current_date
-- !query 8 schema
struct<a:int,b:int>
-- !query 8 output
1	2
2	3


-- !query 9
select weekday('2007-02-03'), weekday('2009-07-30'), weekday('2017-05-27'), weekday(null), weekday('1582-10-15 13:10:15')
-- !query 9 schema
struct<weekday(CAST(2007-02-03 AS DATE)):int,weekday(CAST(2009-07-30 AS DATE)):int,weekday(CAST(2017-05-27 AS DATE)):int,weekday(CAST(NULL AS DATE)):int,weekday(CAST(1582-10-15 13:10:15 AS DATE)):int>
-- !query 9 output
5	3	5	NULL	4


-- !query 10
select year('1500-01-01'), month('1500-01-01'), dayOfYear('1500-01-01')
-- !query 10 schema
struct<year(CAST(1500-01-01 AS DATE)):int,month(CAST(1500-01-01 AS DATE)):int,dayofyear(CAST(1500-01-01 AS DATE)):int>
-- !query 10 output
1500	1	1


-- !query 11
select date '2019-01-01\t'
-- !query 11 schema
struct<DATE '2019-01-01':date>
-- !query 11 output
2019-01-01


-- !query 12
select timestamp '2019-01-01\t'
-- !query 12 schema
struct<TIMESTAMP '2019-01-01 00:00:00':timestamp>
-- !query 12 output
2019-01-01 00:00:00


-- !query 13
select timestamp'2011-11-11 11:11:11' + interval '2' day
-- !query 13 schema
struct<CAST(TIMESTAMP '2011-11-11 11:11:11' + INTERVAL '2 days' AS TIMESTAMP):timestamp>
-- !query 13 output
2011-11-13 11:11:11


-- !query 14
select timestamp'2011-11-11 11:11:11' - interval '2' day
-- !query 14 schema
struct<CAST(TIMESTAMP '2011-11-11 11:11:11' - INTERVAL '2 days' AS TIMESTAMP):timestamp>
-- !query 14 output
2011-11-09 11:11:11


-- !query 15
select date'2011-11-11 11:11:11' + interval '2' second
-- !query 15 schema
struct<CAST(CAST(DATE '2011-11-11' AS TIMESTAMP) + INTERVAL '2 seconds' AS DATE):date>
-- !query 15 output
2011-11-11


-- !query 16
select date'2011-11-11 11:11:11' - interval '2' second
-- !query 16 schema
struct<CAST(CAST(DATE '2011-11-11' AS TIMESTAMP) - INTERVAL '2 seconds' AS DATE):date>
-- !query 16 output
2011-11-10


-- !query 17
select '2011-11-11' - interval '2' day
-- !query 17 schema
struct<CAST(CAST(2011-11-11 AS TIMESTAMP) - INTERVAL '2 days' AS STRING):string>
-- !query 17 output
2011-11-09 00:00:00


-- !query 18
select '2011-11-11 11:11:11' - interval '2' second
-- !query 18 schema
struct<CAST(CAST(2011-11-11 11:11:11 AS TIMESTAMP) - INTERVAL '2 seconds' AS STRING):string>
-- !query 18 output
2011-11-11 11:11:09


-- !query 19
select '1' - interval '2' second
-- !query 19 schema
struct<CAST(CAST(1 AS TIMESTAMP) - INTERVAL '2 seconds' AS STRING):string>
-- !query 19 output
NULL


-- !query 20
select 1 - interval '2' second
-- !query 20 schema
struct<>
-- !query 20 output
org.apache.spark.sql.AnalysisException
cannot resolve '1 - INTERVAL '2 seconds'' due to data type mismatch: argument 1 requires timestamp type, however, '1' is of int type.; line 1 pos 7


-- !query 21
select date'2020-01-01' - timestamp'2019-10-06 10:11:12.345678'
-- !query 21 schema
struct<subtracttimestamps(CAST(DATE '2020-01-01' AS TIMESTAMP), TIMESTAMP '2019-10-06 10:11:12.345678'):interval>
-- !query 21 output
2078 hours 48 minutes 47.654322 seconds


-- !query 22
select timestamp'2019-10-06 10:11:12.345678' - date'2020-01-01'
-- !query 22 schema
struct<subtracttimestamps(TIMESTAMP '2019-10-06 10:11:12.345678', CAST(DATE '2020-01-01' AS TIMESTAMP)):interval>
-- !query 22 output
-2078 hours -48 minutes -47.654322 seconds


-- !query 23
select timestamp'2019-10-06 10:11:12.345678' - null
-- !query 23 schema
struct<subtracttimestamps(TIMESTAMP '2019-10-06 10:11:12.345678', CAST(NULL AS TIMESTAMP)):interval>
-- !query 23 output
NULL


-- !query 24
select null - timestamp'2019-10-06 10:11:12.345678'
-- !query 24 schema
struct<subtracttimestamps(CAST(NULL AS TIMESTAMP), TIMESTAMP '2019-10-06 10:11:12.345678'):interval>
-- !query 24 output
NULL


-- !query 25
select date_add('2011-11-11', 1Y)
-- !query 25 schema
struct<date_add(CAST(2011-11-11 AS DATE), 1):date>
-- !query 25 output
2011-11-12


-- !query 26
select date_add('2011-11-11', 1S)
-- !query 26 schema
struct<date_add(CAST(2011-11-11 AS DATE), 1):date>
-- !query 26 output
2011-11-12


-- !query 27
select date_add('2011-11-11', 1)
-- !query 27 schema
struct<date_add(CAST(2011-11-11 AS DATE), 1):date>
-- !query 27 output
2011-11-12


-- !query 28
select date_add('2011-11-11', 1L)
-- !query 28 schema
struct<>
-- !query 28 output
org.apache.spark.sql.AnalysisException
cannot resolve 'date_add(CAST('2011-11-11' AS DATE), 1L)' due to data type mismatch: argument 2 requires (int or smallint or tinyint) type, however, '1L' is of bigint type.; line 1 pos 7


-- !query 29
select date_add('2011-11-11', 1.0)
-- !query 29 schema
struct<>
-- !query 29 output
org.apache.spark.sql.AnalysisException
cannot resolve 'date_add(CAST('2011-11-11' AS DATE), 1.0BD)' due to data type mismatch: argument 2 requires (int or smallint or tinyint) type, however, '1.0BD' is of decimal(2,1) type.; line 1 pos 7


-- !query 30
select date_add('2011-11-11', 1E1)
-- !query 30 schema
struct<>
-- !query 30 output
org.apache.spark.sql.AnalysisException
cannot resolve 'date_add(CAST('2011-11-11' AS DATE), 10.0D)' due to data type mismatch: argument 2 requires (int or smallint or tinyint) type, however, '10.0D' is of double type.; line 1 pos 7


-- !query 31
select date_add('2011-11-11', '1')
-- !query 31 schema
struct<>
-- !query 31 output
org.apache.spark.sql.AnalysisException
cannot resolve 'date_add(CAST('2011-11-11' AS DATE), '1')' due to data type mismatch: argument 2 requires (int or smallint or tinyint) type, however, ''1'' is of string type.; line 1 pos 7


-- !query 32
select date_add(date'2011-11-11', 1)
-- !query 32 schema
struct<date_add(DATE '2011-11-11', 1):date>
-- !query 32 output
2011-11-12


-- !query 33
select date_add(timestamp'2011-11-11', 1)
-- !query 33 schema
struct<date_add(CAST(TIMESTAMP '2011-11-11 00:00:00' AS DATE), 1):date>
-- !query 33 output
2011-11-12


-- !query 34
select date_sub(date'2011-11-11', 1)
-- !query 34 schema
struct<date_sub(DATE '2011-11-11', 1):date>
-- !query 34 output
2011-11-10


-- !query 35
select date_sub(timestamp'2011-11-11', 1)
-- !query 35 schema
struct<date_sub(CAST(TIMESTAMP '2011-11-11 00:00:00' AS DATE), 1):date>
-- !query 35 output
2011-11-10


-- !query 36
select date_sub(null, 1)
-- !query 36 schema
struct<date_sub(CAST(NULL AS DATE), 1):date>
-- !query 36 output
NULL


-- !query 37
select date_sub(date'2011-11-11', null)
-- !query 37 schema
struct<date_sub(DATE '2011-11-11', CAST(NULL AS INT)):date>
-- !query 37 output
NULL


-- !query 38
select date'2011-11-11' + 1E1
-- !query 38 schema
struct<>
-- !query 38 output
org.apache.spark.sql.AnalysisException
cannot resolve 'date_add(DATE '2011-11-11', 10.0D)' due to data type mismatch: argument 2 requires (int or smallint or tinyint) type, however, '10.0D' is of double type.; line 1 pos 7


-- !query 39
select null + date '2001-09-28'
-- !query 39 schema
struct<date_add(DATE '2001-09-28', CAST(NULL AS INT)):date>
-- !query 39 output
NULL


-- !query 40
select date '2001-09-28' + 7Y
-- !query 40 schema
struct<date_add(DATE '2001-09-28', 7):date>
-- !query 40 output
2001-10-05


-- !query 41
select 7S + date '2001-09-28'
-- !query 41 schema
struct<date_add(DATE '2001-09-28', 7):date>
-- !query 41 output
2001-10-05


-- !query 42
select date '2001-10-01' - 7
-- !query 42 schema
struct<date_sub(DATE '2001-10-01', 7):date>
-- !query 42 output
2001-09-24


-- !query 43
select date '2001-09-28' + null
-- !query 43 schema
struct<date_add(DATE '2001-09-28', CAST(NULL AS INT)):date>
-- !query 43 output
NULL


-- !query 44
select date '2001-09-28' - null
-- !query 44 schema
struct<date_sub(DATE '2001-09-28', CAST(NULL AS INT)):date>
-- !query 44 output
NULL


-- !query 45
select null - date '2019-10-06'
-- !query 45 schema
struct<subtractdates(CAST(NULL AS DATE), DATE '2019-10-06'):interval>
-- !query 45 output
NULL


-- !query 46
select date '2001-10-01' - date '2001-09-28'
-- !query 46 schema
struct<subtractdates(DATE '2001-10-01', DATE '2001-09-28'):interval>
-- !query 46 output
3 days
