-- Automatically generated by SQLQueryTestSuite
-- Number of queries: 27


-- !query 0
SELECT interval '999' second
-- !query 0 schema
struct<INTERVAL '16 minutes 39 seconds':interval>
-- !query 0 output
16 minutes 39 seconds


-- !query 1
SELECT interval '999' minute
-- !query 1 schema
struct<INTERVAL '16 hours 39 minutes':interval>
-- !query 1 output
16 hours 39 minutes


-- !query 2
SELECT interval '999' hour
-- !query 2 schema
struct<INTERVAL '999 hours':interval>
-- !query 2 output
999 hours


-- !query 3
SELECT interval '999' day
-- !query 3 schema
struct<INTERVAL '999 days':interval>
-- !query 3 output
999 days


-- !query 4
SELECT interval '999' month
-- !query 4 schema
struct<INTERVAL '83 years 3 months':interval>
-- !query 4 output
83 years 3 months


-- !query 5
SELECT interval '1' year
-- !query 5 schema
struct<INTERVAL '1 years':interval>
-- !query 5 output
1 years


-- !query 6
SELECT interval '2' month
-- !query 6 schema
struct<INTERVAL '2 months':interval>
-- !query 6 output
2 months


-- !query 7
SELECT interval '3' day
-- !query 7 schema
struct<INTERVAL '3 days':interval>
-- !query 7 output
3 days


-- !query 8
SELECT interval '4' hour
-- !query 8 schema
struct<INTERVAL '4 hours':interval>
-- !query 8 output
4 hours


-- !query 9
SELECT interval '5' minute
-- !query 9 schema
struct<INTERVAL '5 minutes':interval>
-- !query 9 output
5 minutes


-- !query 10
SELECT interval '6' second
-- !query 10 schema
struct<INTERVAL '6 seconds':interval>
-- !query 10 output
6 seconds


-- !query 11
SELECT interval '1-2' year to month
-- !query 11 schema
struct<INTERVAL '1 years 2 months':interval>
-- !query 11 output
1 years 2 months


-- !query 12
SELECT interval '1 2:03' day to hour
-- !query 12 schema
struct<>
-- !query 12 output
org.apache.spark.sql.catalyst.parser.ParseException

requirement failed: Interval string must match day-time format of '^(?<sign>[+|-])?(?<day>\d+) (?<hour>\d{1,2})$': 1 2:03(line 1, pos 16)

== SQL ==
SELECT interval '1 2:03' day to hour
----------------^^^


-- !query 13
SELECT interval '1 2:03:04' day to hour
-- !query 13 schema
struct<>
-- !query 13 output
org.apache.spark.sql.catalyst.parser.ParseException

requirement failed: Interval string must match day-time format of '^(?<sign>[+|-])?(?<day>\d+) (?<hour>\d{1,2})$': 1 2:03:04(line 1, pos 16)

== SQL ==
SELECT interval '1 2:03:04' day to hour
----------------^^^


-- !query 14
SELECT interval '1 2:03' day to minute
-- !query 14 schema
struct<INTERVAL '1 days 2 hours 3 minutes':interval>
-- !query 14 output
1 days 2 hours 3 minutes


-- !query 15
SELECT interval '1 2:03:04' day to minute
-- !query 15 schema
struct<>
-- !query 15 output
org.apache.spark.sql.catalyst.parser.ParseException

requirement failed: Interval string must match day-time format of '^(?<sign>[+|-])?(?<day>\d+) (?<hour>\d{1,2}):(?<minute>\d{1,2})$': 1 2:03:04(line 1, pos 16)

== SQL ==
SELECT interval '1 2:03:04' day to minute
----------------^^^


-- !query 16
SELECT interval '1 2:03' day to second
-- !query 16 schema
struct<>
-- !query 16 output
org.apache.spark.sql.catalyst.parser.ParseException

requirement failed: Interval string must match day-time format of '^(?<sign>[+|-])?(?<day>\d+) (?<hour>\d{1,2}):(?<minute>\d{1,2}):(?<second>(\d{1,2})(\.(\d{1,9}))?)$': 1 2:03(line 1, pos 16)

== SQL ==
SELECT interval '1 2:03' day to second
----------------^^^


-- !query 17
SELECT interval '1 2:03:04' day to second
-- !query 17 schema
struct<INTERVAL '1 days 2 hours 3 minutes 4 seconds':interval>
-- !query 17 output
1 days 2 hours 3 minutes 4 seconds


-- !query 18
SELECT interval '1 2:03' hour to minute
-- !query 18 schema
struct<>
-- !query 18 output
org.apache.spark.sql.catalyst.parser.ParseException

requirement failed: Interval string must match day-time format of '^(?<sign>[+|-])?(?<hour>\d{1,2}):(?<minute>\d{1,2})$': 1 2:03(line 1, pos 16)

== SQL ==
SELECT interval '1 2:03' hour to minute
----------------^^^


-- !query 19
SELECT interval '1 2:03:04' hour to minute
-- !query 19 schema
struct<>
-- !query 19 output
org.apache.spark.sql.catalyst.parser.ParseException

requirement failed: Interval string must match day-time format of '^(?<sign>[+|-])?(?<hour>\d{1,2}):(?<minute>\d{1,2})$': 1 2:03:04(line 1, pos 16)

== SQL ==
SELECT interval '1 2:03:04' hour to minute
----------------^^^


-- !query 20
SELECT interval '1 2:03' hour to second
-- !query 20 schema
struct<>
-- !query 20 output
org.apache.spark.sql.catalyst.parser.ParseException

requirement failed: Interval string must match day-time format of '^(?<sign>[+|-])?(?<hour>\d{1,2}):(?<minute>\d{1,2}):(?<second>(\d{1,2})(\.(\d{1,9}))?)$': 1 2:03(line 1, pos 16)

== SQL ==
SELECT interval '1 2:03' hour to second
----------------^^^


-- !query 21
SELECT interval '1 2:03:04' hour to second
-- !query 21 schema
struct<>
-- !query 21 output
org.apache.spark.sql.catalyst.parser.ParseException

requirement failed: Interval string must match day-time format of '^(?<sign>[+|-])?(?<hour>\d{1,2}):(?<minute>\d{1,2}):(?<second>(\d{1,2})(\.(\d{1,9}))?)$': 1 2:03:04(line 1, pos 16)

== SQL ==
SELECT interval '1 2:03:04' hour to second
----------------^^^


-- !query 22
SELECT interval '1 2:03' minute to second
-- !query 22 schema
struct<>
-- !query 22 output
org.apache.spark.sql.catalyst.parser.ParseException

requirement failed: Interval string must match day-time format of '^(?<sign>[+|-])?(?<minute>\d{1,2}):(?<second>(\d{1,2})(\.(\d{1,9}))?)$': 1 2:03(line 1, pos 16)

== SQL ==
SELECT interval '1 2:03' minute to second
----------------^^^


-- !query 23
SELECT interval '1 2:03:04' minute to second
-- !query 23 schema
struct<>
-- !query 23 output
org.apache.spark.sql.catalyst.parser.ParseException

requirement failed: Interval string must match day-time format of '^(?<sign>[+|-])?(?<minute>\d{1,2}):(?<second>(\d{1,2})(\.(\d{1,9}))?)$': 1 2:03:04(line 1, pos 16)

== SQL ==
SELECT interval '1 2:03:04' minute to second
----------------^^^


-- !query 24
set spark.sql.intervalOutputStyle=SQL_STANDARD
-- !query 24 schema
struct<key:string,value:string>
-- !query 24 output
spark.sql.intervalOutputStyle	SQL_STANDARD


-- !query 25
SELECT  interval '1 day -1 hours',
        interval '-1 days +1 hours',
        interval '1 years 2 months -3 days 4 hours 5 minutes 6.789 seconds',
        - interval '1 years 2 months -3 days 4 hours 5 minutes 6.789 seconds'
-- !query 25 schema
struct<INTERVAL '1 days -1 hours':interval,INTERVAL '-1 days 1 hours':interval,INTERVAL '1 years 2 months -3 days 4 hours 5 minutes 6.789 seconds':interval,(- INTERVAL '1 years 2 months -3 days 4 hours 5 minutes 6.789 seconds'):interval>
-- !query 25 output
+1 -1:00:00	-1 +1:00:00	+1-2 -3 +4:05:06.789	-1-2 +3 -4:05:06.789


-- !query 26
set spark.sql.intervalOutputStyle=MULTI_UNITS
-- !query 26 schema
struct<key:string,value:string>
-- !query 26 output
spark.sql.intervalOutputStyle	MULTI_UNITS
