-- Automatically generated by SQLQueryTestSuite
-- Number of queries: 122


-- !query 0
SELECT 'first line'
' - next line'
	' - third line'
	AS `Three lines to one`
-- !query 0 schema
struct<Three lines to one:string>
-- !query 0 output
first line - next line - third line


-- !query 1
SELECT 'first line'
' - next line' /* this comment is not allowed here */
' - third line'
	AS `Illegal comment within continuation`
-- !query 1 schema
struct<Illegal comment within continuation:string>
-- !query 1 output
first line - next line - third line


-- !query 2
SELECT binary('\\xDeAdBeEf')
-- !query 2 schema
struct<CAST(\xDeAdBeEf AS BINARY):binary>
-- !query 2 output
\xDeAdBeEf


-- !query 3
SELECT binary('\\x De Ad Be Ef ')
-- !query 3 schema
struct<CAST(\x De Ad Be Ef  AS BINARY):binary>
-- !query 3 output
\x De Ad Be Ef


-- !query 4
SELECT binary('\\xDe00BeEf')
-- !query 4 schema
struct<CAST(\xDe00BeEf AS BINARY):binary>
-- !query 4 output
\xDe00BeEf


-- !query 5
SELECT binary('DeAdBeEf')
-- !query 5 schema
struct<CAST(DeAdBeEf AS BINARY):binary>
-- !query 5 output
DeAdBeEf


-- !query 6
SELECT binary('De\\000dBeEf')
-- !query 6 schema
struct<CAST(De\000dBeEf AS BINARY):binary>
-- !query 6 output
De\000dBeEf


-- !query 7
SELECT binary('De\\123dBeEf')
-- !query 7 schema
struct<CAST(De\123dBeEf AS BINARY):binary>
-- !query 7 output
De\123dBeEf


-- !query 8
SELECT TRIM(BOTH FROM '  bunch o blanks  ') = 'bunch o blanks' AS `bunch o blanks`
-- !query 8 schema
struct<bunch o blanks:boolean>
-- !query 8 output
true


-- !query 9
SELECT TRIM(LEADING FROM '  bunch o blanks  ') = 'bunch o blanks  ' AS `bunch o blanks  `
-- !query 9 schema
struct<bunch o blanks  :boolean>
-- !query 9 output
true


-- !query 10
SELECT TRIM(TRAILING FROM '  bunch o blanks  ') = '  bunch o blanks' AS `  bunch o blanks`
-- !query 10 schema
struct<  bunch o blanks:boolean>
-- !query 10 output
true


-- !query 11
SELECT TRIM(BOTH 'x' FROM 'xxxxxsome Xsxxxxx') = 'some Xs' AS `some Xs`
-- !query 11 schema
struct<some Xs:boolean>
-- !query 11 output
true


-- !query 12
SELECT SUBSTRING('1234567890' FROM 3) = '34567890' AS `34567890`
-- !query 12 schema
struct<34567890:boolean>
-- !query 12 output
true


-- !query 13
SELECT SUBSTRING('1234567890' FROM 4 FOR 3) = '456' AS `456`
-- !query 13 schema
struct<456:boolean>
-- !query 13 output
true


-- !query 14
SELECT POSITION('4' IN '1234567890') = '4' AS `4`
-- !query 14 schema
struct<4:boolean>
-- !query 14 output
true


-- !query 15
SELECT POSITION('5' IN '1234567890') = '5' AS `5`
-- !query 15 schema
struct<5:boolean>
-- !query 15 output
true


-- !query 16
SELECT OVERLAY('abcdef' PLACING '45' FROM 4) AS `abc45f`
-- !query 16 schema
struct<abc45f:string>
-- !query 16 output
abc45f


-- !query 17
SELECT OVERLAY('yabadoo' PLACING 'daba' FROM 5) AS `yabadaba`
-- !query 17 schema
struct<yabadaba:string>
-- !query 17 output
yabadaba


-- !query 18
SELECT OVERLAY('yabadoo' PLACING 'daba' FROM 5 FOR 0) AS `yabadabadoo`
-- !query 18 schema
struct<yabadabadoo:string>
-- !query 18 output
yabadabadoo


-- !query 19
SELECT OVERLAY('babosa' PLACING 'ubb' FROM 2 FOR 4) AS `bubba`
-- !query 19 schema
struct<bubba:string>
-- !query 19 output
bubba


-- !query 20
SELECT 'hawkeye' LIKE 'h%' AS `true`
-- !query 20 schema
struct<true:boolean>
-- !query 20 output
true


-- !query 21
SELECT 'hawkeye' NOT LIKE 'h%' AS `false`
-- !query 21 schema
struct<false:boolean>
-- !query 21 output
false


-- !query 22
SELECT 'hawkeye' LIKE 'H%' AS `false`
-- !query 22 schema
struct<false:boolean>
-- !query 22 output
false


-- !query 23
SELECT 'hawkeye' NOT LIKE 'H%' AS `true`
-- !query 23 schema
struct<true:boolean>
-- !query 23 output
true


-- !query 24
SELECT 'hawkeye' LIKE 'indio%' AS `false`
-- !query 24 schema
struct<false:boolean>
-- !query 24 output
false


-- !query 25
SELECT 'hawkeye' NOT LIKE 'indio%' AS `true`
-- !query 25 schema
struct<true:boolean>
-- !query 25 output
true


-- !query 26
SELECT 'hawkeye' LIKE 'h%eye' AS `true`
-- !query 26 schema
struct<true:boolean>
-- !query 26 output
true


-- !query 27
SELECT 'hawkeye' NOT LIKE 'h%eye' AS `false`
-- !query 27 schema
struct<false:boolean>
-- !query 27 output
false


-- !query 28
SELECT 'indio' LIKE '_ndio' AS `true`
-- !query 28 schema
struct<true:boolean>
-- !query 28 output
true


-- !query 29
SELECT 'indio' NOT LIKE '_ndio' AS `false`
-- !query 29 schema
struct<false:boolean>
-- !query 29 output
false


-- !query 30
SELECT 'indio' LIKE 'in__o' AS `true`
-- !query 30 schema
struct<true:boolean>
-- !query 30 output
true


-- !query 31
SELECT 'indio' NOT LIKE 'in__o' AS `false`
-- !query 31 schema
struct<false:boolean>
-- !query 31 output
false


-- !query 32
SELECT 'indio' LIKE 'in_o' AS `false`
-- !query 32 schema
struct<false:boolean>
-- !query 32 output
false


-- !query 33
SELECT 'indio' NOT LIKE 'in_o' AS `true`
-- !query 33 schema
struct<true:boolean>
-- !query 33 output
true


-- !query 34
SELECT 'hawkeye' LIKE 'h%' ESCAPE '#' AS `true`
-- !query 34 schema
struct<true:boolean>
-- !query 34 output
true


-- !query 35
SELECT 'hawkeye' NOT LIKE 'h%' ESCAPE '#' AS `false`
-- !query 35 schema
struct<false:boolean>
-- !query 35 output
false


-- !query 36
SELECT 'indio' LIKE 'ind_o' ESCAPE '$' AS `true`
-- !query 36 schema
struct<true:boolean>
-- !query 36 output
true


-- !query 37
SELECT 'indio' NOT LIKE 'ind_o' ESCAPE '$' AS `false`
-- !query 37 schema
struct<false:boolean>
-- !query 37 output
false


-- !query 38
SELECT 'h%' LIKE 'h#%' ESCAPE '#' AS `true`
-- !query 38 schema
struct<true:boolean>
-- !query 38 output
true


-- !query 39
SELECT 'h%' NOT LIKE 'h#%' ESCAPE '#' AS `false`
-- !query 39 schema
struct<false:boolean>
-- !query 39 output
false


-- !query 40
SELECT 'h%wkeye' LIKE 'h#%' ESCAPE '#' AS `false`
-- !query 40 schema
struct<false:boolean>
-- !query 40 output
false


-- !query 41
SELECT 'h%wkeye' NOT LIKE 'h#%' ESCAPE '#' AS `true`
-- !query 41 schema
struct<true:boolean>
-- !query 41 output
true


-- !query 42
SELECT 'h%wkeye' LIKE 'h#%%' ESCAPE '#' AS `true`
-- !query 42 schema
struct<true:boolean>
-- !query 42 output
true


-- !query 43
SELECT 'h%wkeye' NOT LIKE 'h#%%' ESCAPE '#' AS `false`
-- !query 43 schema
struct<false:boolean>
-- !query 43 output
false


-- !query 44
SELECT 'h%awkeye' LIKE 'h#%a%k%e' ESCAPE '#' AS `true`
-- !query 44 schema
struct<true:boolean>
-- !query 44 output
true


-- !query 45
SELECT 'h%awkeye' NOT LIKE 'h#%a%k%e' ESCAPE '#' AS `false`
-- !query 45 schema
struct<false:boolean>
-- !query 45 output
false


-- !query 46
SELECT 'indio' LIKE '_ndio' ESCAPE '$' AS `true`
-- !query 46 schema
struct<true:boolean>
-- !query 46 output
true


-- !query 47
SELECT 'indio' NOT LIKE '_ndio' ESCAPE '$' AS `false`
-- !query 47 schema
struct<false:boolean>
-- !query 47 output
false


-- !query 48
SELECT 'i_dio' LIKE 'i$_d_o' ESCAPE '$' AS `true`
-- !query 48 schema
struct<true:boolean>
-- !query 48 output
true


-- !query 49
SELECT 'i_dio' NOT LIKE 'i$_d_o' ESCAPE '$' AS `false`
-- !query 49 schema
struct<false:boolean>
-- !query 49 output
false


-- !query 50
SELECT 'i_dio' LIKE 'i$_nd_o' ESCAPE '$' AS `false`
-- !query 50 schema
struct<false:boolean>
-- !query 50 output
false


-- !query 51
SELECT 'i_dio' NOT LIKE 'i$_nd_o' ESCAPE '$' AS `true`
-- !query 51 schema
struct<true:boolean>
-- !query 51 output
true


-- !query 52
SELECT 'i_dio' LIKE 'i$_d%o' ESCAPE '$' AS `true`
-- !query 52 schema
struct<true:boolean>
-- !query 52 output
true


-- !query 53
SELECT 'i_dio' NOT LIKE 'i$_d%o' ESCAPE '$' AS `false`
-- !query 53 schema
struct<false:boolean>
-- !query 53 output
false


-- !query 54
SELECT 'maca' LIKE 'm%aca' ESCAPE '%' AS `true`
-- !query 54 schema
struct<>
-- !query 54 output
org.apache.spark.sql.AnalysisException
the pattern 'm%aca' is invalid, the escape character is not allowed to precede 'a';


-- !query 55
SELECT 'maca' NOT LIKE 'm%aca' ESCAPE '%' AS `false`
-- !query 55 schema
struct<>
-- !query 55 output
org.apache.spark.sql.AnalysisException
the pattern 'm%aca' is invalid, the escape character is not allowed to precede 'a';


-- !query 56
SELECT 'ma%a' LIKE 'm%a%%a' ESCAPE '%' AS `true`
-- !query 56 schema
struct<>
-- !query 56 output
org.apache.spark.sql.AnalysisException
the pattern 'm%a%%a' is invalid, the escape character is not allowed to precede 'a';


-- !query 57
SELECT 'ma%a' NOT LIKE 'm%a%%a' ESCAPE '%' AS `false`
-- !query 57 schema
struct<>
-- !query 57 output
org.apache.spark.sql.AnalysisException
the pattern 'm%a%%a' is invalid, the escape character is not allowed to precede 'a';


-- !query 58
SELECT 'bear' LIKE 'b_ear' ESCAPE '_' AS `true`
-- !query 58 schema
struct<>
-- !query 58 output
org.apache.spark.sql.AnalysisException
the pattern 'b_ear' is invalid, the escape character is not allowed to precede 'e';


-- !query 59
SELECT 'bear' NOT LIKE 'b_ear' ESCAPE '_' AS `false`
-- !query 59 schema
struct<>
-- !query 59 output
org.apache.spark.sql.AnalysisException
the pattern 'b_ear' is invalid, the escape character is not allowed to precede 'e';


-- !query 60
SELECT 'be_r' LIKE 'b_e__r' ESCAPE '_' AS `true`
-- !query 60 schema
struct<>
-- !query 60 output
org.apache.spark.sql.AnalysisException
the pattern 'b_e__r' is invalid, the escape character is not allowed to precede 'e';


-- !query 61
SELECT 'be_r' NOT LIKE 'b_e__r' ESCAPE '_' AS `false`
-- !query 61 schema
struct<>
-- !query 61 output
org.apache.spark.sql.AnalysisException
the pattern 'b_e__r' is invalid, the escape character is not allowed to precede 'e';


-- !query 62
SELECT 'be_r' LIKE '__e__r' ESCAPE '_' AS `false`
-- !query 62 schema
struct<false:boolean>
-- !query 62 output
false


-- !query 63
SELECT 'be_r' NOT LIKE '__e__r' ESCAPE '_' AS `true`
-- !query 63 schema
struct<true:boolean>
-- !query 63 output
true


-- !query 64
SELECT 'foo' LIKE '_%' as t, 'f' LIKE '_%' as t, '' LIKE '_%' as f
-- !query 64 schema
struct<t:boolean,t:boolean,f:boolean>
-- !query 64 output
true	true	false


-- !query 65
SELECT 'foo' LIKE '%_' as t, 'f' LIKE '%_' as t, '' LIKE '%_' as f
-- !query 65 schema
struct<t:boolean,t:boolean,f:boolean>
-- !query 65 output
true	true	false


-- !query 66
SELECT 'foo' LIKE '__%' as t, 'foo' LIKE '___%' as t, 'foo' LIKE '____%' as f
-- !query 66 schema
struct<t:boolean,t:boolean,f:boolean>
-- !query 66 output
true	true	false


-- !query 67
SELECT 'foo' LIKE '%__' as t, 'foo' LIKE '%___' as t, 'foo' LIKE '%____' as f
-- !query 67 schema
struct<t:boolean,t:boolean,f:boolean>
-- !query 67 output
true	true	false


-- !query 68
SELECT 'jack' LIKE '%____%' AS t
-- !query 68 schema
struct<t:boolean>
-- !query 68 output
true


-- !query 69
SELECT 'unknown' || ' and unknown' AS `Concat unknown types`
-- !query 69 schema
struct<Concat unknown types:string>
-- !query 69 output
unknown and unknown


-- !query 70
SELECT string('text') || ' and unknown' AS `Concat text to unknown type`
-- !query 70 schema
struct<Concat text to unknown type:string>
-- !query 70 output
text and unknown


-- !query 71
CREATE TABLE toasttest(f1 string) USING parquet
-- !query 71 schema
struct<>
-- !query 71 output



-- !query 72
insert into toasttest values(repeat('1234567890',10000))
-- !query 72 schema
struct<>
-- !query 72 output



-- !query 73
insert into toasttest values(repeat('1234567890',10000))
-- !query 73 schema
struct<>
-- !query 73 output



-- !query 74
insert into toasttest values(repeat('1234567890',10000))
-- !query 74 schema
struct<>
-- !query 74 output



-- !query 75
insert into toasttest values(repeat('1234567890',10000))
-- !query 75 schema
struct<>
-- !query 75 output



-- !query 76
SELECT substr(f1, 99995) from toasttest
-- !query 76 schema
struct<substring(f1, 99995, 2147483647):string>
-- !query 76 output
567890
567890
567890
567890


-- !query 77
SELECT substr(f1, 99995, 10) from toasttest
-- !query 77 schema
struct<substring(f1, 99995, 10):string>
-- !query 77 output
567890
567890
567890
567890


-- !query 78
SELECT length('abcdef') AS `length_6`
-- !query 78 schema
struct<length_6:int>
-- !query 78 output
6


-- !query 79
SELECT position('cd', 'abcdef') AS `pos_3`
-- !query 79 schema
struct<pos_3:int>
-- !query 79 output
3


-- !query 80
SELECT position('xy', 'abcdef') AS `pos_0`
-- !query 80 schema
struct<pos_0:int>
-- !query 80 output
0


-- !query 81
SELECT replace('abcdef', 'de', '45') AS `abc45f`
-- !query 81 schema
struct<abc45f:string>
-- !query 81 output
abc45f


-- !query 82
SELECT replace('yabadabadoo', 'ba', '123') AS `ya123da123doo`
-- !query 82 schema
struct<ya123da123doo:string>
-- !query 82 output
ya123da123doo


-- !query 83
SELECT replace('yabadoo', 'bad', '') AS `yaoo`
-- !query 83 schema
struct<yaoo:string>
-- !query 83 output
yaoo


-- !query 84
select hex(256*256*256 - 1) AS `ffffff`
-- !query 84 schema
struct<ffffff:string>
-- !query 84 output
FFFFFF


-- !query 85
select hex(bigint(bigint(bigint(bigint(256)*256)*256)*256) - 1) AS `ffffffff`
-- !query 85 schema
struct<ffffffff:string>
-- !query 85 output
FFFFFFFF


-- !query 86
select md5('') = 'd41d8cd98f00b204e9800998ecf8427e' AS `TRUE`
-- !query 86 schema
struct<TRUE:boolean>
-- !query 86 output
true


-- !query 87
select md5('a') = '0cc175b9c0f1b6a831c399e269772661' AS `TRUE`
-- !query 87 schema
struct<TRUE:boolean>
-- !query 87 output
true


-- !query 88
select md5('abc') = '900150983cd24fb0d6963f7d28e17f72' AS `TRUE`
-- !query 88 schema
struct<TRUE:boolean>
-- !query 88 output
true


-- !query 89
select md5('message digest') = 'f96b697d7cb7938d525a2f31aaf161d0' AS `TRUE`
-- !query 89 schema
struct<TRUE:boolean>
-- !query 89 output
true


-- !query 90
select md5('abcdefghijklmnopqrstuvwxyz') = 'c3fcd3d76192e4007dfb496cca67e13b' AS `TRUE`
-- !query 90 schema
struct<TRUE:boolean>
-- !query 90 output
true


-- !query 91
select md5('ABCDEFGHIJKLMNOPQRSTUVWXYZabcdefghijklmnopqrstuvwxyz0123456789') = 'd174ab98d277d9f5a5611c2c9f419d9f' AS `TRUE`
-- !query 91 schema
struct<TRUE:boolean>
-- !query 91 output
true


-- !query 92
select md5('12345678901234567890123456789012345678901234567890123456789012345678901234567890') = '57edf4a22be3c955ac49da2e2107b67a' AS `TRUE`
-- !query 92 schema
struct<TRUE:boolean>
-- !query 92 output
true


-- !query 93
select md5(binary('')) = 'd41d8cd98f00b204e9800998ecf8427e' AS `TRUE`
-- !query 93 schema
struct<TRUE:boolean>
-- !query 93 output
true


-- !query 94
select md5(binary('a')) = '0cc175b9c0f1b6a831c399e269772661' AS `TRUE`
-- !query 94 schema
struct<TRUE:boolean>
-- !query 94 output
true


-- !query 95
select md5(binary('abc')) = '900150983cd24fb0d6963f7d28e17f72' AS `TRUE`
-- !query 95 schema
struct<TRUE:boolean>
-- !query 95 output
true


-- !query 96
select md5(binary('message digest')) = 'f96b697d7cb7938d525a2f31aaf161d0' AS `TRUE`
-- !query 96 schema
struct<TRUE:boolean>
-- !query 96 output
true


-- !query 97
select md5(binary('abcdefghijklmnopqrstuvwxyz')) = 'c3fcd3d76192e4007dfb496cca67e13b' AS `TRUE`
-- !query 97 schema
struct<TRUE:boolean>
-- !query 97 output
true


-- !query 98
select md5(binary('ABCDEFGHIJKLMNOPQRSTUVWXYZabcdefghijklmnopqrstuvwxyz0123456789')) = 'd174ab98d277d9f5a5611c2c9f419d9f' AS `TRUE`
-- !query 98 schema
struct<TRUE:boolean>
-- !query 98 output
true


-- !query 99
select md5(binary('12345678901234567890123456789012345678901234567890123456789012345678901234567890')) = '57edf4a22be3c955ac49da2e2107b67a' AS `TRUE`
-- !query 99 schema
struct<TRUE:boolean>
-- !query 99 output
true


-- !query 100
SELECT initcap('hi THOMAS')
-- !query 100 schema
struct<initcap(hi THOMAS):string>
-- !query 100 output
Hi Thomas


-- !query 101
SELECT lpad('hi', 5, 'xy')
-- !query 101 schema
struct<lpad(hi, 5, xy):string>
-- !query 101 output
xyxhi


-- !query 102
SELECT lpad('hi', 5)
-- !query 102 schema
struct<lpad(hi, 5,  ):string>
-- !query 102 output
   hi


-- !query 103
SELECT lpad('hi', -5, 'xy')
-- !query 103 schema
struct<lpad(hi, -5, xy):string>
-- !query 103 output



-- !query 104
SELECT lpad('hello', 2)
-- !query 104 schema
struct<lpad(hello, 2,  ):string>
-- !query 104 output
he


-- !query 105
SELECT lpad('hi', 5, '')
-- !query 105 schema
struct<lpad(hi, 5, ):string>
-- !query 105 output
hi


-- !query 106
SELECT rpad('hi', 5, 'xy')
-- !query 106 schema
struct<rpad(hi, 5, xy):string>
-- !query 106 output
hixyx


-- !query 107
SELECT rpad('hi', 5)
-- !query 107 schema
struct<rpad(hi, 5,  ):string>
-- !query 107 output
hi


-- !query 108
SELECT rpad('hi', -5, 'xy')
-- !query 108 schema
struct<rpad(hi, -5, xy):string>
-- !query 108 output



-- !query 109
SELECT rpad('hello', 2)
-- !query 109 schema
struct<rpad(hello, 2,  ):string>
-- !query 109 output
he


-- !query 110
SELECT rpad('hi', 5, '')
-- !query 110 schema
struct<rpad(hi, 5, ):string>
-- !query 110 output
hi


-- !query 111
SELECT ltrim('zzzytrim', 'xyz')
-- !query 111 schema
struct<ltrim(zzzytrim, xyz):string>
-- !query 111 output
trim


-- !query 112
SELECT translate('', '14', 'ax')
-- !query 112 schema
struct<translate(, 14, ax):string>
-- !query 112 output



-- !query 113
SELECT translate('12345', '14', 'ax')
-- !query 113 schema
struct<translate(12345, 14, ax):string>
-- !query 113 output
a23x5


-- !query 114
SELECT ascii('x')
-- !query 114 schema
struct<ascii(x):int>
-- !query 114 output
120


-- !query 115
SELECT ascii('')
-- !query 115 schema
struct<ascii():int>
-- !query 115 output
0


-- !query 116
SELECT chr(65)
-- !query 116 schema
struct<chr(CAST(65 AS BIGINT)):string>
-- !query 116 output
A


-- !query 117
SELECT chr(0)
-- !query 117 schema
struct<chr(CAST(0 AS BIGINT)):string>
-- !query 117 output
 


-- !query 118
SELECT repeat('Pg', 4)
-- !query 118 schema
struct<repeat(Pg, 4):string>
-- !query 118 output
PgPgPgPg


-- !query 119
SELECT repeat('Pg', -4)
-- !query 119 schema
struct<repeat(Pg, -4):string>
-- !query 119 output



-- !query 120
SELECT trim(binary('\\000') from binary('\\000Tom\\000'))
-- !query 120 schema
struct<trim(CAST(CAST(\000Tom\000 AS BINARY) AS STRING), CAST(CAST(\000 AS BINARY) AS STRING)):string>
-- !query 120 output
Tom


-- !query 121
DROP TABLE toasttest
-- !query 121 schema
struct<>
-- !query 121 output

